mode: set
go-concurrency/cmd/web/database.go:15.23,17.17 2 0
go-concurrency/cmd/web/database.go:17.17,19.3 1 0
go-concurrency/cmd/web/database.go:20.2,20.13 1 0
go-concurrency/cmd/web/database.go:24.28,29.6 3 0
go-concurrency/cmd/web/database.go:29.6,31.17 2 0
go-concurrency/cmd/web/database.go:31.17,33.4 1 0
go-concurrency/cmd/web/database.go:33.9,36.4 2 0
go-concurrency/cmd/web/database.go:38.3,38.27 1 0
go-concurrency/cmd/web/database.go:38.27,40.4 1 0
go-concurrency/cmd/web/database.go:41.3,44.11 4 0
go-concurrency/cmd/web/database.go:49.42,51.16 2 0
go-concurrency/cmd/web/database.go:51.16,53.3 1 0
go-concurrency/cmd/web/database.go:55.2,56.16 2 0
go-concurrency/cmd/web/database.go:56.16,58.3 1 0
go-concurrency/cmd/web/database.go:60.2,60.16 1 0
go-concurrency/cmd/web/handlers.go:16.69,18.2 1 1
go-concurrency/cmd/web/handlers.go:20.70,22.2 1 1
go-concurrency/cmd/web/handlers.go:24.74,30.16 3 1
go-concurrency/cmd/web/handlers.go:30.16,32.3 1 0
go-concurrency/cmd/web/handlers.go:35.2,40.16 4 1
go-concurrency/cmd/web/handlers.go:40.16,44.3 3 0
go-concurrency/cmd/web/handlers.go:47.2,48.16 2 1
go-concurrency/cmd/web/handlers.go:48.16,52.3 3 0
go-concurrency/cmd/web/handlers.go:54.2,54.20 1 1
go-concurrency/cmd/web/handlers.go:54.20,67.3 5 0
go-concurrency/cmd/web/handlers.go:70.2,75.47 4 1
go-concurrency/cmd/web/handlers.go:78.73,80.2 1 1
go-concurrency/cmd/web/handlers.go:82.77,84.16 2 0
go-concurrency/cmd/web/handlers.go:84.16,86.3 1 0
go-concurrency/cmd/web/handlers.go:91.2,101.16 3 0
go-concurrency/cmd/web/handlers.go:101.16,105.3 3 0
go-concurrency/cmd/web/handlers.go:109.2,122.52 7 0
go-concurrency/cmd/web/handlers.go:125.67,131.2 3 1
go-concurrency/cmd/web/handlers.go:133.76,138.11 4 0
go-concurrency/cmd/web/handlers.go:138.11,142.3 3 0
go-concurrency/cmd/web/handlers.go:145.2,146.16 2 0
go-concurrency/cmd/web/handlers.go:146.16,150.3 3 0
go-concurrency/cmd/web/handlers.go:152.2,154.16 3 0
go-concurrency/cmd/web/handlers.go:154.16,158.3 3 0
go-concurrency/cmd/web/handlers.go:161.2,162.52 2 0
go-concurrency/cmd/web/handlers.go:168.79,170.16 2 0
go-concurrency/cmd/web/handlers.go:170.16,173.3 2 0
go-concurrency/cmd/web/handlers.go:175.2,180.4 3 0
go-concurrency/cmd/web/handlers.go:183.76,187.16 3 0
go-concurrency/cmd/web/handlers.go:187.16,189.3 1 0
go-concurrency/cmd/web/handlers.go:192.2,193.16 2 0
go-concurrency/cmd/web/handlers.go:193.16,197.3 3 0
go-concurrency/cmd/web/handlers.go:200.2,201.9 2 0
go-concurrency/cmd/web/handlers.go:201.9,205.3 3 0
go-concurrency/cmd/web/handlers.go:208.2,209.12 2 0
go-concurrency/cmd/web/handlers.go:209.12,213.17 3 0
go-concurrency/cmd/web/handlers.go:213.17,215.4 1 0
go-concurrency/cmd/web/handlers.go:217.3,224.21 2 0
go-concurrency/cmd/web/handlers.go:228.2,229.12 2 0
go-concurrency/cmd/web/handlers.go:229.12,234.17 4 0
go-concurrency/cmd/web/handlers.go:234.17,237.4 2 0
go-concurrency/cmd/web/handlers.go:239.3,251.51 3 0
go-concurrency/cmd/web/handlers.go:255.2,256.16 2 0
go-concurrency/cmd/web/handlers.go:256.16,260.3 3 0
go-concurrency/cmd/web/handlers.go:262.2,263.16 2 0
go-concurrency/cmd/web/handlers.go:263.16,267.3 3 0
go-concurrency/cmd/web/handlers.go:269.2,273.60 3 0
go-concurrency/cmd/web/handlers.go:277.77,280.2 2 0
go-concurrency/cmd/web/handlers.go:283.78,308.2 14 0
go-concurrency/cmd/web/helpers.go:4.43,7.2 2 0
go-concurrency/cmd/web/mailer.go:44.36,45.6 1 0
go-concurrency/cmd/web/mailer.go:45.6,46.10 1 0
go-concurrency/cmd/web/mailer.go:49.39,50.53 1 0
go-concurrency/cmd/web/mailer.go:53.38,54.29 1 0
go-concurrency/cmd/web/mailer.go:56.30,57.10 1 0
go-concurrency/cmd/web/mailer.go:65.38,85.2 5 0
go-concurrency/cmd/web/mailer.go:89.60,94.24 2 0
go-concurrency/cmd/web/mailer.go:94.24,96.3 1 0
go-concurrency/cmd/web/mailer.go:99.2,99.20 1 0
go-concurrency/cmd/web/mailer.go:99.20,101.3 1 0
go-concurrency/cmd/web/mailer.go:104.2,104.24 1 0
go-concurrency/cmd/web/mailer.go:104.24,106.3 1 0
go-concurrency/cmd/web/mailer.go:109.2,109.30 1 0
go-concurrency/cmd/web/mailer.go:109.30,111.3 1 0
go-concurrency/cmd/web/mailer.go:114.2,114.27 1 0
go-concurrency/cmd/web/mailer.go:114.27,116.3 1 0
go-concurrency/cmd/web/mailer.go:118.2,123.16 3 0
go-concurrency/cmd/web/mailer.go:123.16,125.3 1 0
go-concurrency/cmd/web/mailer.go:128.2,129.16 2 0
go-concurrency/cmd/web/mailer.go:129.16,131.3 1 0
go-concurrency/cmd/web/mailer.go:134.2,146.16 11 0
go-concurrency/cmd/web/mailer.go:146.16,148.3 1 0
go-concurrency/cmd/web/mailer.go:151.2,157.30 5 0
go-concurrency/cmd/web/mailer.go:157.30,158.37 1 0
go-concurrency/cmd/web/mailer.go:158.37,160.4 1 0
go-concurrency/cmd/web/mailer.go:163.2,163.32 1 0
go-concurrency/cmd/web/mailer.go:163.32,164.43 1 0
go-concurrency/cmd/web/mailer.go:164.43,166.4 1 0
go-concurrency/cmd/web/mailer.go:170.2,171.16 2 0
go-concurrency/cmd/web/mailer.go:171.16,173.3 1 0
go-concurrency/cmd/web/mailer.go:177.62,180.16 3 0
go-concurrency/cmd/web/mailer.go:180.16,182.3 1 0
go-concurrency/cmd/web/mailer.go:184.2,185.68 2 0
go-concurrency/cmd/web/mailer.go:185.68,187.3 1 0
go-concurrency/cmd/web/mailer.go:189.2,191.16 3 0
go-concurrency/cmd/web/mailer.go:191.16,193.3 1 0
go-concurrency/cmd/web/mailer.go:195.2,195.30 1 0
go-concurrency/cmd/web/mailer.go:199.67,202.16 3 0
go-concurrency/cmd/web/mailer.go:202.16,204.3 1 0
go-concurrency/cmd/web/mailer.go:206.2,207.68 2 0
go-concurrency/cmd/web/mailer.go:207.68,209.3 1 0
go-concurrency/cmd/web/mailer.go:211.2,212.26 2 0
go-concurrency/cmd/web/mailer.go:216.52,224.16 3 0
go-concurrency/cmd/web/mailer.go:224.16,226.3 1 0
go-concurrency/cmd/web/mailer.go:228.2,229.16 2 0
go-concurrency/cmd/web/mailer.go:229.16,231.3 1 0
go-concurrency/cmd/web/mailer.go:233.2,233.18 1 0
go-concurrency/cmd/web/mailer.go:237.56,238.11 1 0
go-concurrency/cmd/web/mailer.go:239.13,240.33 1 0
go-concurrency/cmd/web/mailer.go:241.13,242.31 1 0
go-concurrency/cmd/web/mailer.go:243.14,244.29 1 0
go-concurrency/cmd/web/mailer.go:245.10,246.33 1 0
go-concurrency/cmd/web/main.go:14.13,54.2 11 0
go-concurrency/cmd/web/main.go:56.38,57.6 1 0
go-concurrency/cmd/web/main.go:57.6,58.10 1 0
go-concurrency/cmd/web/main.go:59.31,60.29 1 0
go-concurrency/cmd/web/main.go:61.28,62.10 1 0
go-concurrency/cmd/web/main.go:68.28,76.16 4 0
go-concurrency/cmd/web/main.go:76.16,78.3 1 0
go-concurrency/cmd/web/middleware.go:5.64,7.2 1 1
go-concurrency/cmd/web/middleware.go:10.57,11.71 1 1
go-concurrency/cmd/web/middleware.go:11.71,12.49 1 0
go-concurrency/cmd/web/middleware.go:12.49,16.4 3 0
go-concurrency/cmd/web/middleware.go:17.3,17.23 1 0
go-concurrency/cmd/web/render.go:28.95,44.15 5 1
go-concurrency/cmd/web/render.go:44.15,46.3 1 1
go-concurrency/cmd/web/render.go:49.2,50.16 2 1
go-concurrency/cmd/web/render.go:50.16,54.3 3 0
go-concurrency/cmd/web/render.go:57.2,57.67 1 1
go-concurrency/cmd/web/render.go:57.67,61.3 3 0
go-concurrency/cmd/web/render.go:65.84,73.28 5 1
go-concurrency/cmd/web/render.go:73.28,78.10 3 0
go-concurrency/cmd/web/render.go:78.10,80.4 1 0
go-concurrency/cmd/web/render.go:80.9,82.4 1 0
go-concurrency/cmd/web/render.go:86.2,86.11 1 1
go-concurrency/cmd/web/render.go:90.58,92.2 1 1
go-concurrency/cmd/web/routes.go:10.42,31.2 12 1
go-concurrency/cmd/web/routes.go:33.46,45.2 5 1
go-concurrency/cmd/web/session.go:16.40,27.2 8 0
go-concurrency/cmd/web/session.go:30.30,33.36 1 0
go-concurrency/cmd/web/session.go:33.36,35.4 1 0
go-concurrency/cmd/web/session.go:37.2,37.18 1 0
go-concurrency/cmd/web/shutdown.go:11.40,17.2 5 0
go-concurrency/cmd/web/shutdown.go:19.31,32.2 10 0
go-concurrency/cmd/web/signer.go:23.21,25.2 1 0
go-concurrency/cmd/web/signer.go:28.50,32.33 3 0
go-concurrency/cmd/web/signer.go:32.33,34.3 1 0
go-concurrency/cmd/web/signer.go:34.8,36.3 1 0
go-concurrency/cmd/web/signer.go:38.2,41.14 3 0
go-concurrency/cmd/web/signer.go:45.37,53.2 3 0
go-concurrency/cmd/web/signer.go:56.57,62.2 3 0
